error: unfinished utf8
 --> $DIR/unfinished_utf8.rs:7:25
  |
7 |     assert_uri_literal!("https://www.example.com/a/%F0%90%40");
  |                         ^^^^^^^^^^^^^^^^^^^^^^^^^^^^^^^^^^^^^
  |
  = note: this error originates in a macro (in Nightly builds, run with -Z macro-backtrace for more info)
